// Jest Snapshot v1, https://goo.gl/fbAQLP

exports[`js-commonjs-v2 should works 1`] = `2`;
