// Jest Snapshot v1, https://goo.gl/fbAQLP

exports[`ts should works 1`] = `2`;
