// Jest Snapshot v1, https://goo.gl/fbAQLP

exports[`ts-v2 should works 1`] = `2`;
