// Jest Snapshot v1, https://goo.gl/fbAQLP

exports[`js-commonjs should works 1`] = `2`;
