// Jest Snapshot v1, https://goo.gl/fbAQLP

exports[`js-module should works 1`] = `2`;
